<!DOCTYPE HTML PUBLIC "-//W3C//DTD HTML 4.01 Transitional//EN" "http://www.w3.org/TR/html4/loose.dtd">
<!-- NewPage -->
<html lang="en">
<head>
<!-- Generated by javadoc (1.8.0_40) on Thu Apr 14 18:14:01 PDT 2016 -->
<meta http-equiv="Content-Type" content="text/html; charset=UTF-8">
<title>com.github.springtestdbunit.expected (Spring Test DBUnit 1.3.0-SNAPSHOT Test API)</title>
<meta name="date" content="2016-04-14">
<link rel="stylesheet" type="text/css" href="../../../../stylesheet.css" title="Style">
<script type="text/javascript" src="../../../../script.js"></script>
</head>
<body>
<h1 class="bar"><a href="../../../../com/github/springtestdbunit/expected/package-summary.html" target="classFrame">com.github.springtestdbunit.expected</a></h1>
<div class="indexContainer">
<h2 title="Classes">Classes</h2>
<ul title="Classes">
<li><a href="DoesNotSwallowExpectedFailureTest.html" title="class in com.github.springtestdbunit.expected" target="classFrame">DoesNotSwallowExpectedFailureTest</a></li>
<li><a href="ExpectedFailureOnClassTest.html" title="class in com.github.springtestdbunit.expected" target="classFrame">ExpectedFailureOnClassTest</a></li>
<li><a href="ExpectedFailureOnMethodTest.html" title="class in com.github.springtestdbunit.expected" target="classFrame">ExpectedFailureOnMethodTest</a></li>
<li><a href="ExpectedFailureOnMethodWithRepeatableReverseTest.html" title="class in com.github.springtestdbunit.expected" target="classFrame">ExpectedFailureOnMethodWithRepeatableReverseTest</a></li>
<li><a href="ExpectedFailureOnMethodWithRepeatableTest.html" title="class in com.github.springtestdbunit.expected" target="classFrame">ExpectedFailureOnMethodWithRepeatableTest</a></li>
<li><a href="ExpectedNonStrictOnClassTest.html" title="class in com.github.springtestdbunit.expected" target="classFrame">ExpectedNonStrictOnClassTest</a></li>
<li><a href="ExpectedNonStrictOnMethodTest.html" title="class in com.github.springtestdbunit.expected" target="classFrame">ExpectedNonStrictOnMethodTest</a></li>
<li><a href="ExpectedNonStrictUnorderedOnClassTest.html" title="class in com.github.springtestdbunit.expected" target="classFrame">ExpectedNonStrictUnorderedOnClassTest</a></li>
<li><a href="ExpectedNonStrictUnorderedOnMethodTest.html" title="class in com.github.springtestdbunit.expected" target="classFrame">ExpectedNonStrictUnorderedOnMethodTest</a></li>
<li><a href="ExpectedNonStrictWithDtdTest.html" title="class in com.github.springtestdbunit.expected" target="classFrame">ExpectedNonStrictWithDtdTest</a></li>
<li><a href="ExpectedNonStrictWithDtdTest.SampleEntityIdExclusionFilter.html" title="class in com.github.springtestdbunit.expected" target="classFrame">ExpectedNonStrictWithDtdTest.SampleEntityIdExclusionFilter</a></li>
<li><a href="ExpectedOnClassAndMethodTest.html" title="class in com.github.springtestdbunit.expected" target="classFrame">ExpectedOnClassAndMethodTest</a></li>
<li><a href="ExpectedOnClassAndMethodWithoutOverrideTest.html" title="class in com.github.springtestdbunit.expected" target="classFrame">ExpectedOnClassAndMethodWithoutOverrideTest</a></li>
<li><a href="ExpectedQueryFailureOnMethodTest.html" title="class in com.github.springtestdbunit.expected" target="classFrame">ExpectedQueryFailureOnMethodTest</a></li>
<li><a href="ExpectedQueryNonStrictFailureOnMethodTest.html" title="class in com.github.springtestdbunit.expected" target="classFrame">ExpectedQueryNonStrictFailureOnMethodTest</a></li>
<li><a href="ExpectedQueryNonStrictOnMethodTest.html" title="class in com.github.springtestdbunit.expected" target="classFrame">ExpectedQueryNonStrictOnMethodTest</a></li>
<li><a href="ExpectedQueryOnMethodTest.html" title="class in com.github.springtestdbunit.expected" target="classFrame">ExpectedQueryOnMethodTest</a></li>
<li><a href="ExpectedQueryWithModifierOnMethodTest.html" title="class in com.github.springtestdbunit.expected" target="classFrame">ExpectedQueryWithModifierOnMethodTest</a></li>
<li><a href="ExpectedTableNonStrictOnClassTest.html" title="class in com.github.springtestdbunit.expected" target="classFrame">ExpectedTableNonStrictOnClassTest</a></li>
</ul>
</div>
</body>
</html>
