
<!DOCTYPE html PUBLIC "-//W3C//DTD XHTML 1.0 Transitional//EN" "http://www.w3.org/TR/xhtml1/DTD/xhtml1-transitional.dtd">
<html xml:lang="en" lang="en">
	<head>
		<meta http-equiv="content-type" content="text/html; charset=UTF-8" />
		<title>Spring Test DBUnit 1.3.0-SNAPSHOT Reference Package com.github.springtestdbunit.expected</title>
		<link rel="stylesheet" type="text/css" href="../../../../stylesheet.css" title="style" />
	</head>
	<body>

		<h3>
        	<a href="package-summary.html" target="classFrame">com.github.springtestdbunit.expected</a>
      	</h3>

      	<h3>Classes</h3>

      	<ul>
      		          	<li>
            	<a href="DoesNotSwallowExpectedFailureTest.html" target="classFrame">DoesNotSwallowExpectedFailureTest</a>
          	</li>
          	          	<li>
            	<a href="ExpectedFailureOnClassTest.html" target="classFrame">ExpectedFailureOnClassTest</a>
          	</li>
          	          	<li>
            	<a href="ExpectedFailureOnMethodTest.html" target="classFrame">ExpectedFailureOnMethodTest</a>
          	</li>
          	          	<li>
            	<a href="ExpectedFailureOnMethodWithRepeatableReverseTest.html" target="classFrame">ExpectedFailureOnMethodWithRepeatableReverseTest</a>
          	</li>
          	          	<li>
            	<a href="ExpectedFailureOnMethodWithRepeatableTest.html" target="classFrame">ExpectedFailureOnMethodWithRepeatableTest</a>
          	</li>
          	          	<li>
            	<a href="ExpectedNonStrictOnClassTest.html" target="classFrame">ExpectedNonStrictOnClassTest</a>
          	</li>
          	          	<li>
            	<a href="ExpectedNonStrictOnMethodTest.html" target="classFrame">ExpectedNonStrictOnMethodTest</a>
          	</li>
          	          	<li>
            	<a href="ExpectedNonStrictUnorderedOnClassTest.html" target="classFrame">ExpectedNonStrictUnorderedOnClassTest</a>
          	</li>
          	          	<li>
            	<a href="ExpectedNonStrictUnorderedOnMethodTest.html" target="classFrame">ExpectedNonStrictUnorderedOnMethodTest</a>
          	</li>
          	          	<li>
            	<a href="ExpectedNonStrictWithDtdTest.html" target="classFrame">ExpectedNonStrictWithDtdTest</a>
          	</li>
          	          	<li>
            	<a href="ExpectedOnClassAndMethodTest.html" target="classFrame">ExpectedOnClassAndMethodTest</a>
          	</li>
          	          	<li>
            	<a href="ExpectedOnClassAndMethodWithoutOverrideTest.html" target="classFrame">ExpectedOnClassAndMethodWithoutOverrideTest</a>
          	</li>
          	          	<li>
            	<a href="ExpectedQueryFailureOnMethodTest.html" target="classFrame">ExpectedQueryFailureOnMethodTest</a>
          	</li>
          	          	<li>
            	<a href="ExpectedQueryNonStrictFailureOnMethodTest.html" target="classFrame">ExpectedQueryNonStrictFailureOnMethodTest</a>
          	</li>
          	          	<li>
            	<a href="ExpectedQueryNonStrictOnMethodTest.html" target="classFrame">ExpectedQueryNonStrictOnMethodTest</a>
          	</li>
          	          	<li>
            	<a href="ExpectedQueryOnMethodTest.html" target="classFrame">ExpectedQueryOnMethodTest</a>
          	</li>
          	          	<li>
            	<a href="ExpectedQueryWithModifierOnMethodTest.html" target="classFrame">ExpectedQueryWithModifierOnMethodTest</a>
          	</li>
          	          	<li>
            	<a href="ExpectedTableNonStrictOnClassTest.html" target="classFrame">ExpectedTableNonStrictOnClassTest</a>
          	</li>
          	          	<li>
            	<a href="ExpectedQueryWithModifierOnMethodTest.html" target="classFrame">InnerModifier</a>
          	</li>
          	          	<li>
            	<a href="ExpectedQueryWithModifierOnMethodTest.html" target="classFrame">OuterModifier</a>
          	</li>
          	          	<li>
            	<a href="ExpectedNonStrictWithDtdTest.html" target="classFrame">SampleEntityIdExclusionFilter</a>
          	</li>
          	      	</ul>

	</body>
</html>